// Jest Snapshot v1, https://goo.gl/fbAQLP

exports[`It should render CalculatorApp correctly 1`] = `
<div>
  <Header />
  <div
    className="calculator-app"
  >
    <div
      className="display-container"
    >
      <Display
        current="0"
        previous=""
      />
    </div>
    <main>
      <OperatorButtons
        clear={[Function]}
        handleDecimal={[Function]}
        handleNumber={[Function]}
        handleOperator={[Function]}
        result={[Function]}
      />
    </main>
  </div>
  <div
    className="footer"
  />
</div>
`;
